{"logTime": "0905/064515", "correlationVector":"Ro58/Td9mgLZLSQiu5BYU3.1","action":"SyncServerConnectionManagerRequest", "result":"SYNC_SERVER_OK", "context":{"environment":"Prod_southindia_prod-s01-004-apac-southindia", "migrationStage":"NotStarted", "server":"akswtt017000023"}}
{"logTime": "0905/064515", "correlationVector":"Ro58/Td9mgLZLSQiu5BYU3.2","action":"ProcessGetUpdates", "result":"Done", "context":{"dataType":"Encryption Keys", "deleted":"0", "process_failed_to_decrypt":"0", "process_pending_decryption":"0", "process_success":"1", "total":"1"}}
{"logTime": "0905/064516", "correlationVector":"r6LFvKQLxCOJA9wVCtp0m1","action":"SyncServerConnectionManagerRequest", "result":"SYNC_SERVER_OK", "context":{"environment":"", "migrationStage":"", "server":""}}
{"logTime": "0905/064516", "correlationVector":"r6LFvKQLxCOJA9wVCtp0m1.0","action":"EncryptionKeysFetcher.DownloadKeys:", "result":"Success", "context":Key count: 10, Last key timestamp: 2025-09-03T21:59:39Z}
{"logTime": "0905/064516", "correlationVector":"r6LFvKQLxCOJA9wVCtp0m1.1","action":"EncryptionKeysManager::SetEncryptionKeys:", "result":"Success", "context":Key names[10]:[9IIrIrIdfPBBQaCLMnzbTCoSNavUOtehDZBLWKz+sYKpKJ79DDcqloGSvzYLxR/LkvQhqu5ZHASVKamakN48Vg==][TIO0rcIEg1DW0GdPJm8HUvwkZYzi1SApAQJSJo3aZhTAEQdg7uQELfYC8KkbCF/2jDmYPDhtt7LNlQaVFIIR0w==][ZN1D+sAl+tSYKI2xiWMZqi8MMlI7hRC47szTXYTtuUrHmwqOKUz1g0QlmW2dRMJYJHDIcTuSN8ebb1TDpTVH8g==][huHVM3HAXuTkVHhMjedTjFuJCQXU7+ttrYuyNXoFqJkxDDXs2V2LT/uoqHSZKa6VCe74ci6m2taZjwp5IPGqVg==][e6Ydnt8P1/6EH/v/bW/SBgidZbdiLqit1L27qrUTz6Y3xUpmTF81eOqxIXt6wYGKshlWkY8LnfSgHj4hMt/grA==][7N+CBIyfHZWgjIM2xfGx62aEHhmy7tZvws7PYT3a23SC9cSvDDswpTVomb8KEuiz3ruinc/xUggAUPdvDWJ2hQ==][+ShwzI6jR5rf8+R0twVrdDS1HUBA8/onkoWeW8aPswQGnK0/namyzJ82PLU1HsQV8B8dz6EP3OuM7+bjkz+KNQ==][tUFf/g4LPXBWKM+mTzTCtmD2wsdn2EQfJ0L8gxBKwuGKLmfx0n6pQSw65HlQvj4RsamWN8Qs1dXTulB7xv1G3g==][UVLPnVlVcLuIrMdwBzmYM6PYnDs7I5fAx4waf7F81waDUyRFHkxAh4sZON4ca4ntO2SbblVuIaiyt7yKrE1Alg==][C7dOXimNoAYuww7gDV1nICX+mUrpYaDLP2dJl+BZXZha9u04V72708GDi4BUL9EVVN29qnIE7fd88VUONUHhIA==]}
{"logTime": "0905/064516", "correlationVector":"r6LFvKQLxCOJA9wVCtp0m1.2","action":"EncryptionKeysManager::SetEncryptionKeysWithTimestamps:", "result":"Success", "context":Key timestamps[10]:[2022-07-05T15:52:04Z][2023-01-01T19:37:11Z][2023-03-13T14:17:59Z][2023-06-20T08:30:10Z][2023-12-18T08:08:50Z][2024-06-15T15:18:12Z][2024-12-15T09:43:15Z][2025-05-02T20:06:33Z][2025-06-21T09:36:32Z][2025-09-03T21:59:39Z]}
{"logTime": "0905/064516", "correlationVector":"Ro58/Td9mgLZLSQiu5BYU3","action":"Initial GetUpdates", "result":"", "context":Reason: NEW_CLIENT. cV=Ro58/Td9mgLZLSQiu5BYU3}
{"logTime": "0905/064516", "correlationVector":"Ro58/Td9mgLZLSQiu5BYU3.3","action":"GetUpdates Response", "result":"Success", "context":Received 1 update(s). cV=Ro58/Td9mgLZLSQiu5BYU3.0;server=akswtt017000023;cloudType=Consumer;environment=Prod_southindia_prod-s01-004-apac-southindia;migrationStage=NotStarted}
{"logTime": "0905/064516", "correlationVector":"Lkuzi8/lE5AUae6b/s5nuB","action":"Initial GetUpdates", "result":"", "context":Reason: NEWLY_SUPPORTED_DATATYPE. cV=Lkuzi8/lE5AUae6b/s5nuB}
{"logTime": "0905/064517", "correlationVector":"Lkuzi8/lE5AUae6b/s5nuB.1","action":"SyncServerConnectionManagerRequest", "result":"SYNC_SERVER_OK", "context":{"environment":"Prod_southindia_prod-s01-004-apac-southindia", "migrationStage":"NotStarted", "server":"akswtt017000045"}}
{"logTime": "0905/064517", "correlationVector":"Lkuzi8/lE5AUae6b/s5nuB.2","action":"ProcessGetUpdates", "result":"Done", "context":{"dataType":"Preferences", "deleted":"0", "process_failed_to_decrypt":"0", "process_pending_decryption":"0", "process_success":"131", "total":"131"}}
{"logTime": "0905/064517", "correlationVector":"Lkuzi8/lE5AUae6b/s5nuB.3","action":"ProcessGetUpdates", "result":"Done", "context":{"dataType":"Passwords", "deleted":"12", "process_failed_to_decrypt":"0", "process_pending_decryption":"0", "process_success":"62", "total":"62"}}
{"logTime": "0905/064517", "correlationVector":"Lkuzi8/lE5AUae6b/s5nuB.4","action":"ProcessGetUpdates", "result":"Done", "context":{"dataType":"Device Info", "deleted":"0", "process_failed_to_decrypt":"0", "process_pending_decryption":"0", "process_success":"57", "total":"57"}}
{"logTime": "0905/064517", "correlationVector":"Lkuzi8/lE5AUae6b/s5nuB.5","action":"GetUpdates Response", "result":"Success", "context":Received 250 update(s). cV=Lkuzi8/lE5AUae6b/s5nuB.0;server=akswtt017000045;cloudType=Consumer;environment=Prod_southindia_prod-s01-004-apac-southindia;migrationStage=NotStarted Some updates remain.}
{"logTime": "0905/064517", "correlationVector":"TbeFKRzE6ucYIK/wbZ3fEU","action":"Initial GetUpdates", "result":"", "context":Reason: NEWLY_SUPPORTED_DATATYPE. cV=TbeFKRzE6ucYIK/wbZ3fEU}
{"logTime": "0905/064518", "correlationVector":"TbeFKRzE6ucYIK/wbZ3fEU.1","action":"SyncServerConnectionManagerRequest", "result":"SYNC_SERVER_OK", "context":{"environment":"Prod_southindia_prod-s01-004-apac-southindia", "migrationStage":"NotStarted", "server":"akswtt01700000f"}}
{"logTime": "0905/064518", "correlationVector":"TbeFKRzE6ucYIK/wbZ3fEU.2","action":"ProcessGetUpdates", "result":"Done", "context":{"dataType":"Preferences", "deleted":"0", "process_failed_to_decrypt":"0", "process_pending_decryption":"0", "process_success":"6", "total":"6"}}
{"logTime": "0905/064518", "correlationVector":"TbeFKRzE6ucYIK/wbZ3fEU.3","action":"ProcessGetUpdates", "result":"Done", "context":{"dataType":"Passwords", "deleted":"0", "process_failed_to_decrypt":"0", "process_pending_decryption":"0", "process_success":"150", "total":"150"}}
{"logTime": "0905/064518", "correlationVector":"TbeFKRzE6ucYIK/wbZ3fEU.4","action":"ProcessGetUpdates", "result":"Done", "context":{"dataType":"Device Info", "deleted":"0", "process_failed_to_decrypt":"0", "process_pending_decryption":"0", "process_success":"1", "total":"1"}}
{"logTime": "0905/064518", "correlationVector":"TbeFKRzE6ucYIK/wbZ3fEU.5","action":"GetUpdates Response", "result":"Success", "context":Received 157 update(s). cV=TbeFKRzE6ucYIK/wbZ3fEU.0;server=akswtt01700000f;cloudType=Consumer;environment=Prod_southindia_prod-s01-004-apac-southindia;migrationStage=NotStarted}
{"logTime": "0905/064518", "correlationVector":"8xmQWh0ObHCqPsAm1p9l43","action":"Initial GetUpdates", "result":"", "context":Reason: NEWLY_SUPPORTED_DATATYPE. cV=8xmQWh0ObHCqPsAm1p9l43}
{"logTime": "0905/064518", "correlationVector":"8xmQWh0ObHCqPsAm1p9l43.1","action":"SyncServerConnectionManagerRequest", "result":"SYNC_SERVER_OK", "context":{"environment":"Prod_southindia_prod-s01-004-apac-southindia", "migrationStage":"NotStarted", "server":"akswtt01700003n"}}
{"logTime": "0905/064518", "correlationVector":"8xmQWh0ObHCqPsAm1p9l43.2","action":"ProcessGetUpdates", "result":"Done", "context":{"dataType":"Bookmarks", "deleted":"0", "process_failed_to_decrypt":"0", "process_pending_decryption":"0", "process_success":"125", "total":"125"}}
{"logTime": "0905/064518", "correlationVector":"8xmQWh0ObHCqPsAm1p9l43.3","action":"GetUpdates Response", "result":"Success", "context":Received 125 update(s). cV=8xmQWh0ObHCqPsAm1p9l43.0;server=akswtt01700003n;cloudType=Consumer;environment=Prod_southindia_prod-s01-004-apac-southindia;migrationStage=NotStarted}
{"logTime": "0905/064519", "correlationVector":"wVicvDkVdkrhjZ45rAjswT","action":"Initial GetUpdates", "result":"", "context":Reason: NEWLY_SUPPORTED_DATATYPE. cV=wVicvDkVdkrhjZ45rAjswT}
{"logTime": "0905/064519", "correlationVector":"wVicvDkVdkrhjZ45rAjswT.1","action":"SyncServerConnectionManagerRequest", "result":"SYNC_SERVER_OK", "context":{"environment":"Prod_southindia_prod-s01-004-apac-southindia", "migrationStage":"NotStarted", "server":"akswtt01700001m"}}
{"logTime": "0905/064519", "correlationVector":"wVicvDkVdkrhjZ45rAjswT.2","action":"ProcessGetUpdates", "result":"Done", "context":{"dataType":"Autofill Profiles", "deleted":"2", "process_failed_to_decrypt":"0", "process_pending_decryption":"0", "process_success":"2", "total":"2"}}
{"logTime": "0905/064519", "correlationVector":"wVicvDkVdkrhjZ45rAjswT.3","action":"ProcessGetUpdates", "result":"Done", "context":{"dataType":"Autofill", "deleted":"0", "process_failed_to_decrypt":"0", "process_pending_decryption":"0", "process_success":"1", "total":"1"}}
{"logTime": "0905/064519", "correlationVector":"wVicvDkVdkrhjZ45rAjswT.4","action":"ProcessGetUpdates", "result":"Done", "context":{"dataType":"Sessions", "deleted":"215", "process_failed_to_decrypt":"0", "process_pending_decryption":"0", "process_success":"215", "total":"215"}}
{"logTime": "0905/064519", "correlationVector":"wVicvDkVdkrhjZ45rAjswT.5","action":"ProcessGetUpdates", "result":"Done", "context":{"dataType":"Extension settings", "deleted":"0", "process_failed_to_decrypt":"0", "process_pending_decryption":"0", "process_success":"20", "total":"20"}}
{"logTime": "0905/064519", "correlationVector":"wVicvDkVdkrhjZ45rAjswT.6","action":"ProcessGetUpdates", "result":"Done", "context":{"dataType":"Web Apps", "deleted":"0", "process_failed_to_decrypt":"0", "process_pending_decryption":"0", "process_success":"4", "total":"4"}}
{"logTime": "0905/064519", "correlationVector":"wVicvDkVdkrhjZ45rAjswT.7","action":"ProcessGetUpdates", "result":"Done", "context":{"dataType":"Collection", "deleted":"0", "process_failed_to_decrypt":"0", "process_pending_decryption":"0", "process_success":"2", "total":"2"}}
{"logTime": "0905/064519", "correlationVector":"wVicvDkVdkrhjZ45rAjswT.8","action":"ProcessGetUpdates", "result":"Done", "context":{"dataType":"Edge Hub App Usage", "deleted":"3", "process_failed_to_decrypt":"0", "process_pending_decryption":"0", "process_success":"6", "total":"6"}}
{"logTime": "0905/064519", "correlationVector":"wVicvDkVdkrhjZ45rAjswT.9","action":"GetUpdates Response", "result":"Success", "context":Received 250 update(s). cV=wVicvDkVdkrhjZ45rAjswT.0;server=akswtt01700001m;cloudType=Consumer;environment=Prod_southindia_prod-s01-004-apac-southindia;migrationStage=NotStarted Some updates remain.}
{"logTime": "0905/064519", "correlationVector":"VJmdlSbivexLKbfTa5EYr+","action":"Initial GetUpdates", "result":"", "context":Reason: NEWLY_SUPPORTED_DATATYPE. cV=VJmdlSbivexLKbfTa5EYr+}
{"logTime": "0905/064520", "correlationVector":"VJmdlSbivexLKbfTa5EYr+.1","action":"SyncServerConnectionManagerRequest", "result":"SYNC_SERVER_OK", "context":{"environment":"Prod_southindia_prod-s01-004-apac-southindia", "migrationStage":"NotStarted", "server":"akswtt01700003n"}}
{"logTime": "0905/064520", "correlationVector":"VJmdlSbivexLKbfTa5EYr+.2","action":"ProcessGetUpdates", "result":"Done", "context":{"dataType":"Sessions", "deleted":"247", "process_failed_to_decrypt":"0", "process_pending_decryption":"0", "process_success":"247", "total":"247"}}
{"logTime": "0905/064520", "correlationVector":"VJmdlSbivexLKbfTa5EYr+.3","action":"ProcessGetUpdates", "result":"Done", "context":{"dataType":"Extension settings", "deleted":"0", "process_failed_to_decrypt":"0", "process_pending_decryption":"0", "process_success":"1", "total":"1"}}
{"logTime": "0905/064520", "correlationVector":"VJmdlSbivexLKbfTa5EYr+.4","action":"ProcessGetUpdates", "result":"Done", "context":{"dataType":"Edge Hub App Usage", "deleted":"1", "process_failed_to_decrypt":"0", "process_pending_decryption":"0", "process_success":"2", "total":"2"}}
{"logTime": "0905/064520", "correlationVector":"VJmdlSbivexLKbfTa5EYr+.5","action":"GetUpdates Response", "result":"Success", "context":Received 250 update(s). cV=VJmdlSbivexLKbfTa5EYr+.0;server=akswtt01700003n;cloudType=Consumer;environment=Prod_southindia_prod-s01-004-apac-southindia;migrationStage=NotStarted Some updates remain.}
{"logTime": "0905/064520", "correlationVector":"5J7LIuz6k1wKPkBYwbgAe2","action":"Initial GetUpdates", "result":"", "context":Reason: NEWLY_SUPPORTED_DATATYPE. cV=5J7LIuz6k1wKPkBYwbgAe2}
{"logTime": "0905/064521", "correlationVector":"5J7LIuz6k1wKPkBYwbgAe2.1","action":"SyncServerConnectionManagerRequest", "result":"SYNC_SERVER_OK", "context":{"environment":"Prod_southindia_prod-s01-004-apac-southindia", "migrationStage":"NotStarted", "server":"akswtt017000023"}}
{"logTime": "0905/064521", "correlationVector":"5J7LIuz6k1wKPkBYwbgAe2.2","action":"ProcessGetUpdates", "result":"Done", "context":{"dataType":"Extensions", "deleted":"0", "process_failed_to_decrypt":"0", "process_pending_decryption":"0", "process_success":"2", "total":"2"}}
{"logTime": "0905/064521", "correlationVector":"5J7LIuz6k1wKPkBYwbgAe2.3","action":"ProcessGetUpdates", "result":"Done", "context":{"dataType":"Sessions", "deleted":"242", "process_failed_to_decrypt":"0", "process_pending_decryption":"0", "process_success":"242", "total":"242"}}
{"logTime": "0905/064521", "correlationVector":"5J7LIuz6k1wKPkBYwbgAe2.4","action":"ProcessGetUpdates", "result":"Done", "context":{"dataType":"Extension settings", "deleted":"0", "process_failed_to_decrypt":"0", "process_pending_decryption":"0", "process_success":"4", "total":"4"}}
{"logTime": "0905/064521", "correlationVector":"5J7LIuz6k1wKPkBYwbgAe2.5","action":"ProcessGetUpdates", "result":"Done", "context":{"dataType":"Edge Hub App Usage", "deleted":"1", "process_failed_to_decrypt":"0", "process_pending_decryption":"0", "process_success":"2", "total":"2"}}
{"logTime": "0905/064521", "correlationVector":"5J7LIuz6k1wKPkBYwbgAe2.6","action":"GetUpdates Response", "result":"Success", "context":Received 250 update(s). cV=5J7LIuz6k1wKPkBYwbgAe2.0;server=akswtt017000023;cloudType=Consumer;environment=Prod_southindia_prod-s01-004-apac-southindia;migrationStage=NotStarted Some updates remain.}
{"logTime": "0905/064521", "correlationVector":"Pgtaym6DhQZsSFtpvpUKWg","action":"Initial GetUpdates", "result":"", "context":Reason: NEWLY_SUPPORTED_DATATYPE. cV=Pgtaym6DhQZsSFtpvpUKWg}
{"logTime": "0905/064522", "correlationVector":"Pgtaym6DhQZsSFtpvpUKWg.1","action":"SyncServerConnectionManagerRequest", "result":"SYNC_SERVER_OK", "context":{"environment":"Prod_southindia_prod-s01-004-apac-southindia", "migrationStage":"NotStarted", "server":"akswtt01700003w"}}
{"logTime": "0905/064522", "correlationVector":"Pgtaym6DhQZsSFtpvpUKWg.2","action":"ProcessGetUpdates", "result":"Done", "context":{"dataType":"Autofill Profiles", "deleted":"0", "process_failed_to_decrypt":"0", "process_pending_decryption":"0", "process_success":"40", "total":"40"}}
{"logTime": "0905/064522", "correlationVector":"Pgtaym6DhQZsSFtpvpUKWg.3","action":"ProcessGetUpdates", "result":"Done", "context":{"dataType":"Autofill", "deleted":"0", "process_failed_to_decrypt":"0", "process_pending_decryption":"0", "process_success":"121", "total":"121"}}
{"logTime": "0905/064522", "correlationVector":"Pgtaym6DhQZsSFtpvpUKWg.4","action":"ProcessGetUpdates", "result":"Done", "context":{"dataType":"Sessions", "deleted":"75", "process_failed_to_decrypt":"0", "process_pending_decryption":"0", "process_success":"79", "total":"79"}}
{"logTime": "0905/064522", "correlationVector":"Pgtaym6DhQZsSFtpvpUKWg.5","action":"ProcessGetUpdates", "result":"Done", "context":{"dataType":"Extension settings", "deleted":"0", "process_failed_to_decrypt":"0", "process_pending_decryption":"0", "process_success":"1", "total":"1"}}
{"logTime": "0905/064522", "correlationVector":"Pgtaym6DhQZsSFtpvpUKWg.6","action":"ProcessGetUpdates", "result":"Done", "context":{"dataType":"History Delete Directives", "deleted":"0", "process_failed_to_decrypt":"0", "process_pending_decryption":"0", "process_success":"4", "total":"4"}}
{"logTime": "0905/064522", "correlationVector":"Pgtaym6DhQZsSFtpvpUKWg.7","action":"ProcessGetUpdates", "result":"Done", "context":{"dataType":"Edge Hub App Usage", "deleted":"1", "process_failed_to_decrypt":"0", "process_pending_decryption":"0", "process_success":"5", "total":"5"}}
{"logTime": "0905/064522", "correlationVector":"Pgtaym6DhQZsSFtpvpUKWg.8","action":"GetUpdates Response", "result":"Success", "context":Received 250 update(s). cV=Pgtaym6DhQZsSFtpvpUKWg.0;server=akswtt01700003w;cloudType=Consumer;environment=Prod_southindia_prod-s01-004-apac-southindia;migrationStage=NotStarted Some updates remain.}
{"logTime": "0905/064522", "correlationVector":"YSmvM/SlnOSA5CPk5YCyvA","action":"Initial GetUpdates", "result":"", "context":Reason: NEWLY_SUPPORTED_DATATYPE. cV=YSmvM/SlnOSA5CPk5YCyvA}
{"logTime": "0905/064523", "correlationVector":"YSmvM/SlnOSA5CPk5YCyvA.1","action":"SyncServerConnectionManagerRequest", "result":"SYNC_SERVER_OK", "context":{"environment":"Prod_southindia_prod-s01-004-apac-southindia", "migrationStage":"NotStarted", "server":"akswtt01700003j"}}
{"logTime": "0905/064523", "correlationVector":"YSmvM/SlnOSA5CPk5YCyvA.2","action":"ProcessGetUpdates", "result":"Done", "context":{"dataType":"Autofill", "deleted":"0", "process_failed_to_decrypt":"0", "process_pending_decryption":"0", "process_success":"250", "total":"250"}}
{"logTime": "0905/064523", "correlationVector":"YSmvM/SlnOSA5CPk5YCyvA.3","action":"GetUpdates Response", "result":"Success", "context":Received 250 update(s). cV=YSmvM/SlnOSA5CPk5YCyvA.0;server=akswtt01700003j;cloudType=Consumer;environment=Prod_southindia_prod-s01-004-apac-southindia;migrationStage=NotStarted Some updates remain.}
{"logTime": "0905/064523", "correlationVector":"hZTADPHjwzKabhxmc/ndJa","action":"Initial GetUpdates", "result":"", "context":Reason: NEWLY_SUPPORTED_DATATYPE. cV=hZTADPHjwzKabhxmc/ndJa}
{"logTime": "0905/064523", "correlationVector":"hZTADPHjwzKabhxmc/ndJa.1","action":"SyncServerConnectionManagerRequest", "result":"SYNC_SERVER_OK", "context":{"environment":"Prod_southindia_prod-s01-004-apac-southindia", "migrationStage":"NotStarted", "server":"akswtt01700001u"}}
{"logTime": "0905/064523", "correlationVector":"hZTADPHjwzKabhxmc/ndJa.2","action":"ProcessGetUpdates", "result":"Done", "context":{"dataType":"Autofill", "deleted":"0", "process_failed_to_decrypt":"0", "process_pending_decryption":"0", "process_success":"250", "total":"250"}}
{"logTime": "0905/064523", "correlationVector":"hZTADPHjwzKabhxmc/ndJa.3","action":"GetUpdates Response", "result":"Success", "context":Received 250 update(s). cV=hZTADPHjwzKabhxmc/ndJa.0;server=akswtt01700001u;cloudType=Consumer;environment=Prod_southindia_prod-s01-004-apac-southindia;migrationStage=NotStarted Some updates remain.}
{"logTime": "0905/064523", "correlationVector":"lEJD0g+wr3/OzTsi4TDNRU","action":"Initial GetUpdates", "result":"", "context":Reason: NEWLY_SUPPORTED_DATATYPE. cV=lEJD0g+wr3/OzTsi4TDNRU}
{"logTime": "0905/064524", "correlationVector":"lEJD0g+wr3/OzTsi4TDNRU.1","action":"SyncServerConnectionManagerRequest", "result":"SYNC_SERVER_OK", "context":{"environment":"Prod_southindia_prod-s01-004-apac-southindia", "migrationStage":"NotStarted", "server":"akswtt01700004w"}}
{"logTime": "0905/064524", "correlationVector":"lEJD0g+wr3/OzTsi4TDNRU.2","action":"ProcessGetUpdates", "result":"Done", "context":{"dataType":"Autofill Profiles", "deleted":"0", "process_failed_to_decrypt":"0", "process_pending_decryption":"0", "process_success":"1", "total":"1"}}
{"logTime": "0905/064524", "correlationVector":"lEJD0g+wr3/OzTsi4TDNRU.3","action":"ProcessGetUpdates", "result":"Done", "context":{"dataType":"Autofill", "deleted":"0", "process_failed_to_decrypt":"0", "process_pending_decryption":"0", "process_success":"27", "total":"27"}}
{"logTime": "0905/064524", "correlationVector":"lEJD0g+wr3/OzTsi4TDNRU.4","action":"ProcessGetUpdates", "result":"Done", "context":{"dataType":"Extensions", "deleted":"0", "process_failed_to_decrypt":"0", "process_pending_decryption":"0", "process_success":"2", "total":"2"}}
{"logTime": "0905/064524", "correlationVector":"lEJD0g+wr3/OzTsi4TDNRU.5","action":"ProcessGetUpdates", "result":"Done", "context":{"dataType":"Sessions", "deleted":"0", "process_failed_to_decrypt":"0", "process_pending_decryption":"0", "process_success":"8", "total":"8"}}
{"logTime": "0905/064524", "correlationVector":"lEJD0g+wr3/OzTsi4TDNRU.6","action":"GetUpdates Response", "result":"Success", "context":Received 38 update(s). cV=lEJD0g+wr3/OzTsi4TDNRU.0;server=akswtt01700004w;cloudType=Consumer;environment=Prod_southindia_prod-s01-004-apac-southindia;migrationStage=NotStarted}
{"logTime": "0905/064524", "correlationVector":"CYEzyPwL1yFl26hViFZt0x","action":"Initial GetUpdates", "result":"", "context":Reason: NEWLY_SUPPORTED_DATATYPE. cV=CYEzyPwL1yFl26hViFZt0x}
{"logTime": "0905/064524", "correlationVector":"CYEzyPwL1yFl26hViFZt0x.1","action":"SyncServerConnectionManagerRequest", "result":"SYNC_SERVER_OK", "context":{"environment":"Prod_southindia_prod-s01-004-apac-southindia", "migrationStage":"NotStarted", "server":"akswtt017000025"}}
{"logTime": "0905/064524", "correlationVector":"CYEzyPwL1yFl26hViFZt0x.2","action":"ProcessGetUpdates", "result":"Done", "context":{"dataType":"History", "deleted":"0", "process_failed_to_decrypt":"0", "process_pending_decryption":"0", "process_success":"250", "total":"250"}}
{"logTime": "0905/064524", "correlationVector":"CYEzyPwL1yFl26hViFZt0x.3","action":"GetUpdates Response", "result":"Success", "context":Received 250 update(s). cV=CYEzyPwL1yFl26hViFZt0x.0;server=akswtt017000025;cloudType=Consumer;environment=Prod_southindia_prod-s01-004-apac-southindia;migrationStage=NotStarted Some updates remain.}
{"logTime": "0905/064524", "correlationVector":"LVptWkdgt94DO1BjI6I7hH","action":"Initial GetUpdates", "result":"", "context":Reason: NEWLY_SUPPORTED_DATATYPE. cV=LVptWkdgt94DO1BjI6I7hH}
{"logTime": "0905/064525", "correlationVector":"LVptWkdgt94DO1BjI6I7hH.1","action":"SyncServerConnectionManagerRequest", "result":"SYNC_SERVER_OK", "context":{"environment":"Prod_southindia_prod-s01-004-apac-southindia", "migrationStage":"NotStarted", "server":"akswtt01700003j"}}
{"logTime": "0905/064526", "correlationVector":"LVptWkdgt94DO1BjI6I7hH.2","action":"ProcessGetUpdates", "result":"Done", "context":{"dataType":"History", "deleted":"0", "process_failed_to_decrypt":"0", "process_pending_decryption":"0", "process_success":"250", "total":"250"}}
{"logTime": "0905/064526", "correlationVector":"LVptWkdgt94DO1BjI6I7hH.3","action":"GetUpdates Response", "result":"Success", "context":Received 250 update(s). cV=LVptWkdgt94DO1BjI6I7hH.0;server=akswtt01700003j;cloudType=Consumer;environment=Prod_southindia_prod-s01-004-apac-southindia;migrationStage=NotStarted Some updates remain.}
{"logTime": "0905/064526", "correlationVector":"BbR6GVvyu5I4adYnsCfEKx","action":"Initial GetUpdates", "result":"", "context":Reason: NEWLY_SUPPORTED_DATATYPE. cV=BbR6GVvyu5I4adYnsCfEKx}
{"logTime": "0905/064526", "correlationVector":"BbR6GVvyu5I4adYnsCfEKx.1","action":"SyncServerConnectionManagerRequest", "result":"SYNC_SERVER_OK", "context":{"environment":"Prod_southindia_prod-s01-004-apac-southindia", "migrationStage":"NotStarted", "server":"akswtt01700003n"}}
{"logTime": "0905/064526", "correlationVector":"BbR6GVvyu5I4adYnsCfEKx.2","action":"ProcessGetUpdates", "result":"Done", "context":{"dataType":"History", "deleted":"0", "process_failed_to_decrypt":"0", "process_pending_decryption":"0", "process_success":"250", "total":"250"}}
{"logTime": "0905/064526", "correlationVector":"BbR6GVvyu5I4adYnsCfEKx.3","action":"GetUpdates Response", "result":"Success", "context":Received 250 update(s). cV=BbR6GVvyu5I4adYnsCfEKx.0;server=akswtt01700003n;cloudType=Consumer;environment=Prod_southindia_prod-s01-004-apac-southindia;migrationStage=NotStarted Some updates remain.}
{"logTime": "0905/064526", "correlationVector":"m6YTGBinfw0Ve1BsCm+UgS","action":"Initial GetUpdates", "result":"", "context":Reason: NEWLY_SUPPORTED_DATATYPE. cV=m6YTGBinfw0Ve1BsCm+UgS}
{"logTime": "0905/064527", "correlationVector":"m6YTGBinfw0Ve1BsCm+UgS.1","action":"SyncServerConnectionManagerRequest", "result":"SYNC_SERVER_OK", "context":{"environment":"Prod_southindia_prod-s01-004-apac-southindia", "migrationStage":"NotStarted", "server":"akswtt01700002h"}}
{"logTime": "0905/064527", "correlationVector":"m6YTGBinfw0Ve1BsCm+UgS.2","action":"ProcessGetUpdates", "result":"Done", "context":{"dataType":"History", "deleted":"0", "process_failed_to_decrypt":"0", "process_pending_decryption":"0", "process_success":"243", "total":"243"}}
{"logTime": "0905/064527", "correlationVector":"m6YTGBinfw0Ve1BsCm+UgS.3","action":"GetUpdates Response", "result":"Success", "context":Received 243 update(s). cV=m6YTGBinfw0Ve1BsCm+UgS.0;server=akswtt01700002h;cloudType=Consumer;environment=Prod_southindia_prod-s01-004-apac-southindia;migrationStage=NotStarted}
{"logTime": "0905/064527", "correlationVector":"0Z3EiUXJc5vcc5GyXRc6wM","action":"Normal GetUpdate request", "result":"", "context":cV=0Z3EiUXJc5vcc5GyXRc6wM
Nudged types: Preferences, Passwords, Sessions, Device Info, User Consents
Refresh requested types: Bookmarks, Preferences, Passwords, Autofill Profiles, Autofill, Extensions, Sessions, Extension settings, History Delete Directives, Device Info, User Consents, Send Tab To Self, Web Apps, History, Saved Tab Group, WebAuthn Credentials, Collection, Edge E Drop, Edge Hub App Usage, Edge Wallet, Encryption Keys}
{"logTime": "0905/064529", "correlationVector":"0Z3EiUXJc5vcc5GyXRc6wM.1","action":"SyncServerConnectionManagerRequest", "result":"SYNC_SERVER_OK", "context":{"environment":"Prod_southindia_prod-s01-004-apac-southindia", "migrationStage":"NotStarted", "server":"akswtt01700004g"}}
{"logTime": "0905/064529", "correlationVector":"0Z3EiUXJc5vcc5GyXRc6wM.2","action":"GetUpdates Response", "result":"Success", "context":Received 0 update(s). cV=0Z3EiUXJc5vcc5GyXRc6wM.0;server=akswtt01700004g;cloudType=Consumer;environment=Prod_southindia_prod-s01-004-apac-southindia;migrationStage=NotStarted}
{"logTime": "0905/064529", "correlationVector":"XuvNOtQdHFMLFpYKWgw51i","action":"Commit Request", "result":"", "context":Item count: 28
Contributing types: Preferences, Passwords, Sessions, Device Info, User Consents}
{"logTime": "0905/064531", "correlationVector":"XuvNOtQdHFMLFpYKWgw51i.1","action":"SyncServerConnectionManagerRequest", "result":"SYNC_SERVER_OK", "context":{"environment":"Prod_southindia_prod-s01-004-apac-southindia", "migrationStage":"NotStarted", "server":"akswtt01700004z"}}
{"logTime": "0905/064531", "correlationVector":"XuvNOtQdHFMLFpYKWgw51i.2","action":"Commit Response", "result":"Success", "context":Result: Success. cV=XuvNOtQdHFMLFpYKWgw51i.0;server=akswtt01700004z;cloudType=Consumer;environment=Prod_southindia_prod-s01-004-apac-southindia;migrationStage=NotStarted}
{"logTime": "0905/064612", "correlationVector":"V/7ovR1O91vt+3itT9lHKW","action":"Commit Request", "result":"", "context":Item count: 40
Contributing types: Passwords}
{"logTime": "0905/064614", "correlationVector":"V/7ovR1O91vt+3itT9lHKW.1","action":"SyncServerConnectionManagerRequest", "result":"SYNC_SERVER_OK", "context":{"environment":"Prod_southindia_prod-s01-004-apac-southindia", "migrationStage":"NotStarted", "server":"akswtt01700004z"}}
{"logTime": "0905/064614", "correlationVector":"V/7ovR1O91vt+3itT9lHKW.2","action":"Commit Response", "result":"Success", "context":Result: Success. cV=V/7ovR1O91vt+3itT9lHKW.0;server=akswtt01700004z;cloudType=Consumer;environment=Prod_southindia_prod-s01-004-apac-southindia;migrationStage=NotStarted}
{"logTime": "0905/064614", "correlationVector":"lwXiL2Yym1eC6wdZttiISB","action":"Commit Request", "result":"", "context":Item count: 40
Contributing types: Passwords}
{"logTime": "0905/064617", "correlationVector":"lwXiL2Yym1eC6wdZttiISB.1","action":"SyncServerConnectionManagerRequest", "result":"SYNC_SERVER_OK", "context":{"environment":"Prod_southindia_prod-s01-004-apac-southindia", "migrationStage":"NotStarted", "server":"akswtt017000028"}}
{"logTime": "0905/064617", "correlationVector":"lwXiL2Yym1eC6wdZttiISB.2","action":"Commit Response", "result":"Success", "context":Result: Success. cV=lwXiL2Yym1eC6wdZttiISB.0;server=akswtt017000028;cloudType=Consumer;environment=Prod_southindia_prod-s01-004-apac-southindia;migrationStage=NotStarted}
{"logTime": "0905/064617", "correlationVector":"QF7hcttQd+wCnUPl4pwnLG","action":"Commit Request", "result":"", "context":Item count: 40
Contributing types: Passwords}
{"logTime": "0905/064619", "correlationVector":"QF7hcttQd+wCnUPl4pwnLG.1","action":"SyncServerConnectionManagerRequest", "result":"SYNC_SERVER_OK", "context":{"environment":"Prod_southindia_prod-s01-004-apac-southindia", "migrationStage":"NotStarted", "server":"akswtt017000040"}}
{"logTime": "0905/064619", "correlationVector":"QF7hcttQd+wCnUPl4pwnLG.2","action":"Commit Response", "result":"Success", "context":Result: Success. cV=QF7hcttQd+wCnUPl4pwnLG.0;server=akswtt017000040;cloudType=Consumer;environment=Prod_southindia_prod-s01-004-apac-southindia;migrationStage=NotStarted}
{"logTime": "0905/064619", "correlationVector":"b6Bf7uRhjm84TeHO9acG3D","action":"Commit Request", "result":"", "context":Item count: 40
Contributing types: Passwords}
{"logTime": "0905/064622", "correlationVector":"b6Bf7uRhjm84TeHO9acG3D.1","action":"SyncServerConnectionManagerRequest", "result":"SYNC_SERVER_OK", "context":{"environment":"Prod_southindia_prod-s01-004-apac-southindia", "migrationStage":"NotStarted", "server":"akswtt017000024"}}
{"logTime": "0905/064622", "correlationVector":"b6Bf7uRhjm84TeHO9acG3D.2","action":"Commit Response", "result":"Success", "context":Result: Success. cV=b6Bf7uRhjm84TeHO9acG3D.0;server=akswtt017000024;cloudType=Consumer;environment=Prod_southindia_prod-s01-004-apac-southindia;migrationStage=NotStarted}
{"logTime": "0905/064622", "correlationVector":"UeFULG8EWXzEwr3TLGN6gc","action":"Commit Request", "result":"", "context":Item count: 12
Contributing types: Passwords, Sessions, History}
{"logTime": "0905/064623", "correlationVector":"UeFULG8EWXzEwr3TLGN6gc.1","action":"SyncServerConnectionManagerRequest", "result":"SYNC_SERVER_OK", "context":{"environment":"Prod_southindia_prod-s01-004-apac-southindia", "migrationStage":"NotStarted", "server":"akswtt017000040"}}
{"logTime": "0905/064623", "correlationVector":"UeFULG8EWXzEwr3TLGN6gc.2","action":"Commit Response", "result":"Success", "context":Result: Success. cV=UeFULG8EWXzEwr3TLGN6gc.0;server=akswtt017000040;cloudType=Consumer;environment=Prod_southindia_prod-s01-004-apac-southindia;migrationStage=NotStarted}
{"logTime": "0905/065202", "correlationVector":"BQMnYfP6fQWM7sP9rXgRAs.1","action":"SyncServerConnectionManagerRequest", "result":"SYNC_SERVER_OK", "context":{"environment":"Prod_southindia_prod-s01-004-apac-southindia", "migrationStage":"NotStarted", "server":"akswtt01700000s"}}
{"logTime": "0905/065202", "correlationVector":"BQMnYfP6fQWM7sP9rXgRAs.2","action":"ProcessGetUpdates", "result":"Done", "context":{"dataType":"Encryption Keys", "deleted":"0", "process_failed_to_decrypt":"0", "process_pending_decryption":"0", "process_success":"1", "total":"1"}}
{"logTime": "0905/065203", "correlationVector":"7pUhGLqA2NZoBGGUmrVy6M","action":"SyncServerConnectionManagerRequest", "result":"SYNC_SERVER_OK", "context":{"environment":"", "migrationStage":"", "server":""}}
{"logTime": "0905/065203", "correlationVector":"7pUhGLqA2NZoBGGUmrVy6M.0","action":"EncryptionKeysFetcher.DownloadKeys:", "result":"Success", "context":Key count: 10, Last key timestamp: 2025-09-03T21:59:39Z}
{"logTime": "0905/065203", "correlationVector":"7pUhGLqA2NZoBGGUmrVy6M.1","action":"EncryptionKeysManager::SetEncryptionKeys:", "result":"Success", "context":Key names[10]:[9IIrIrIdfPBBQaCLMnzbTCoSNavUOtehDZBLWKz+sYKpKJ79DDcqloGSvzYLxR/LkvQhqu5ZHASVKamakN48Vg==][TIO0rcIEg1DW0GdPJm8HUvwkZYzi1SApAQJSJo3aZhTAEQdg7uQELfYC8KkbCF/2jDmYPDhtt7LNlQaVFIIR0w==][ZN1D+sAl+tSYKI2xiWMZqi8MMlI7hRC47szTXYTtuUrHmwqOKUz1g0QlmW2dRMJYJHDIcTuSN8ebb1TDpTVH8g==][huHVM3HAXuTkVHhMjedTjFuJCQXU7+ttrYuyNXoFqJkxDDXs2V2LT/uoqHSZKa6VCe74ci6m2taZjwp5IPGqVg==][e6Ydnt8P1/6EH/v/bW/SBgidZbdiLqit1L27qrUTz6Y3xUpmTF81eOqxIXt6wYGKshlWkY8LnfSgHj4hMt/grA==][7N+CBIyfHZWgjIM2xfGx62aEHhmy7tZvws7PYT3a23SC9cSvDDswpTVomb8KEuiz3ruinc/xUggAUPdvDWJ2hQ==][+ShwzI6jR5rf8+R0twVrdDS1HUBA8/onkoWeW8aPswQGnK0/namyzJ82PLU1HsQV8B8dz6EP3OuM7+bjkz+KNQ==][tUFf/g4LPXBWKM+mTzTCtmD2wsdn2EQfJ0L8gxBKwuGKLmfx0n6pQSw65HlQvj4RsamWN8Qs1dXTulB7xv1G3g==][UVLPnVlVcLuIrMdwBzmYM6PYnDs7I5fAx4waf7F81waDUyRFHkxAh4sZON4ca4ntO2SbblVuIaiyt7yKrE1Alg==][C7dOXimNoAYuww7gDV1nICX+mUrpYaDLP2dJl+BZXZha9u04V72708GDi4BUL9EVVN29qnIE7fd88VUONUHhIA==]}
{"logTime": "0905/065203", "correlationVector":"7pUhGLqA2NZoBGGUmrVy6M.2","action":"EncryptionKeysManager::SetEncryptionKeysWithTimestamps:", "result":"Success", "context":Key timestamps[10]:[2022-07-05T15:52:04Z][2023-01-01T19:37:11Z][2023-03-13T14:17:59Z][2023-06-20T08:30:10Z][2023-12-18T08:08:50Z][2024-06-15T15:18:12Z][2024-12-15T09:43:15Z][2025-05-02T20:06:33Z][2025-06-21T09:36:32Z][2025-09-03T21:59:39Z]}
{"logTime": "0905/065203", "correlationVector":"BQMnYfP6fQWM7sP9rXgRAs","action":"Initial GetUpdates", "result":"", "context":Reason: NEW_CLIENT. cV=BQMnYfP6fQWM7sP9rXgRAs}
{"logTime": "0905/065203", "correlationVector":"BQMnYfP6fQWM7sP9rXgRAs.3","action":"GetUpdates Response", "result":"Success", "context":Received 1 update(s). cV=BQMnYfP6fQWM7sP9rXgRAs.0;server=akswtt01700000s;cloudType=Consumer;environment=Prod_southindia_prod-s01-004-apac-southindia;migrationStage=NotStarted}
{"logTime": "0905/065203", "correlationVector":"xiW6hPUL3t2qIXNFR4fuL2","action":"Initial GetUpdates", "result":"", "context":Reason: NEWLY_SUPPORTED_DATATYPE. cV=xiW6hPUL3t2qIXNFR4fuL2}
{"logTime": "0905/065204", "correlationVector":"xiW6hPUL3t2qIXNFR4fuL2.1","action":"SyncServerConnectionManagerRequest", "result":"SYNC_SERVER_OK", "context":{"environment":"Prod_southindia_prod-s01-004-apac-southindia", "migrationStage":"NotStarted", "server":"akswtt017000024"}}
{"logTime": "0905/065204", "correlationVector":"xiW6hPUL3t2qIXNFR4fuL2.2","action":"ProcessGetUpdates", "result":"Done", "context":{"dataType":"Passwords", "deleted":"12", "process_failed_to_decrypt":"0", "process_pending_decryption":"0", "process_success":"212", "total":"212"}}
{"logTime": "0905/065204", "correlationVector":"xiW6hPUL3t2qIXNFR4fuL2.3","action":"GetUpdates Response", "result":"Success", "context":Received 212 update(s). cV=xiW6hPUL3t2qIXNFR4fuL2.0;server=akswtt017000024;cloudType=Consumer;environment=Prod_southindia_prod-s01-004-apac-southindia;migrationStage=NotStarted}
{"logTime": "0905/065204", "correlationVector":"A4tOMMeuUiq69KaE+YfkoL","action":"Normal GetUpdate request", "result":"", "context":cV=A4tOMMeuUiq69KaE+YfkoL
Nudged types: Sessions, History
Refresh requested types: Bookmarks, Preferences, Passwords, Autofill Profiles, Autofill, Extensions, Sessions, Extension settings, History Delete Directives, Device Info, User Consents, Send Tab To Self, Web Apps, History, Saved Tab Group, WebAuthn Credentials, Collection, Edge E Drop, Edge Hub App Usage, Edge Wallet, Encryption Keys}
{"logTime": "0905/065206", "correlationVector":"A4tOMMeuUiq69KaE+YfkoL.1","action":"SyncServerConnectionManagerRequest", "result":"SYNC_SERVER_OK", "context":{"environment":"Prod_southindia_prod-s01-004-apac-southindia", "migrationStage":"NotStarted", "server":"akswtt01700000s"}}
{"logTime": "0905/065206", "correlationVector":"A4tOMMeuUiq69KaE+YfkoL.2","action":"ProcessGetUpdates", "result":"Done", "context":{"dataType":"Preferences", "deleted":"0", "process_failed_to_decrypt":"0", "process_pending_decryption":"0", "process_success":"1", "total":"1"}}
{"logTime": "0905/065206", "correlationVector":"A4tOMMeuUiq69KaE+YfkoL.3","action":"ProcessGetUpdates", "result":"Done", "context":{"dataType":"Sessions", "deleted":"0", "process_failed_to_decrypt":"0", "process_pending_decryption":"0", "process_success":"1", "total":"1"}}
{"logTime": "0905/065206", "correlationVector":"A4tOMMeuUiq69KaE+YfkoL.4","action":"ProcessGetUpdates", "result":"Done", "context":{"dataType":"Device Info", "deleted":"0", "process_failed_to_decrypt":"0", "process_pending_decryption":"0", "process_success":"1", "total":"1"}}
{"logTime": "0905/065206", "correlationVector":"A4tOMMeuUiq69KaE+YfkoL.5","action":"GetUpdates Response", "result":"Success", "context":Received 3 update(s). cV=A4tOMMeuUiq69KaE+YfkoL.0;server=akswtt01700000s;cloudType=Consumer;environment=Prod_southindia_prod-s01-004-apac-southindia;migrationStage=NotStarted Some updates remain.}
{"logTime": "0905/065206", "correlationVector":"v4ZBxgZc29xY6mZ/shj7/Z","action":"Normal GetUpdate request", "result":"", "context":cV=v4ZBxgZc29xY6mZ/shj7/Z
Nudged types: Sessions, History
Refresh requested types: Bookmarks, Preferences, Passwords, Autofill Profiles, Autofill, Extensions, Sessions, Extension settings, History Delete Directives, Device Info, User Consents, Send Tab To Self, Web Apps, History, Saved Tab Group, WebAuthn Credentials, Collection, Edge E Drop, Edge Hub App Usage, Edge Wallet, Encryption Keys}
{"logTime": "0905/065207", "correlationVector":"v4ZBxgZc29xY6mZ/shj7/Z.1","action":"SyncServerConnectionManagerRequest", "result":"SYNC_SERVER_OK", "context":{"environment":"Prod_southindia_prod-s01-004-apac-southindia", "migrationStage":"NotStarted", "server":"akswtt017000055"}}
{"logTime": "0905/065207", "correlationVector":"v4ZBxgZc29xY6mZ/shj7/Z.2","action":"ProcessGetUpdates", "result":"Done", "context":{"dataType":"Sessions", "deleted":"0", "process_failed_to_decrypt":"0", "process_pending_decryption":"0", "process_success":"1", "total":"1"}}
{"logTime": "0905/065207", "correlationVector":"v4ZBxgZc29xY6mZ/shj7/Z.3","action":"ProcessGetUpdates", "result":"Done", "context":{"dataType":"History", "deleted":"0", "process_failed_to_decrypt":"0", "process_pending_decryption":"0", "process_success":"3", "total":"3"}}
{"logTime": "0905/065207", "correlationVector":"v4ZBxgZc29xY6mZ/shj7/Z.4","action":"GetUpdates Response", "result":"Success", "context":Received 4 update(s). cV=v4ZBxgZc29xY6mZ/shj7/Z.0;server=akswtt017000055;cloudType=Consumer;environment=Prod_southindia_prod-s01-004-apac-southindia;migrationStage=NotStarted}
{"logTime": "0905/065207", "correlationVector":"RrGb3PbyvxgqbRbKTrAGkN","action":"Commit Request", "result":"", "context":Item count: 6
Contributing types: Autofill Profiles, Sessions, History}
{"logTime": "0905/065207", "correlationVector":"RrGb3PbyvxgqbRbKTrAGkN.1","action":"SyncServerConnectionManagerRequest", "result":"SYNC_SERVER_OK", "context":{"environment":"Prod_southindia_prod-s01-004-apac-southindia", "migrationStage":"NotStarted", "server":"akswtt01700001u"}}
{"logTime": "0905/065207", "correlationVector":"RrGb3PbyvxgqbRbKTrAGkN.2","action":"Commit Response", "result":"Success", "context":Result: Success. cV=RrGb3PbyvxgqbRbKTrAGkN.0;server=akswtt01700001u;cloudType=Consumer;environment=Prod_southindia_prod-s01-004-apac-southindia;migrationStage=NotStarted}
{"logTime": "0905/065207", "correlationVector":"RrGb3PbyvxgqbRbKTrAGkN.3","action":"Commit.Autofill Profiles", "result":"Success", "context":{"id":"e5e6d5d9-baea-42ba-b08b-c1c15e4fadcc", "isDeleted":"true", "size":"0", "version":"1757053835625"}}
{"logTime": "0905/065210", "correlationVector":"EwnGjOny3ihzcP1Dwaa2EA","action":"Commit Request", "result":"", "context":Item count: 23
Contributing types: Preferences, Passwords}
{"logTime": "0905/065212", "correlationVector":"EwnGjOny3ihzcP1Dwaa2EA.1","action":"SyncServerConnectionManagerRequest", "result":"SYNC_SERVER_OK", "context":{"environment":"Prod_southindia_prod-s01-004-apac-southindia", "migrationStage":"NotStarted", "server":"akswtt017000024"}}
{"logTime": "0905/065212", "correlationVector":"EwnGjOny3ihzcP1Dwaa2EA.2","action":"Commit Response", "result":"Success", "context":Result: Success. cV=EwnGjOny3ihzcP1Dwaa2EA.0;server=akswtt017000024;cloudType=Consumer;environment=Prod_southindia_prod-s01-004-apac-southindia;migrationStage=NotStarted}
{"logTime": "0905/065254", "correlationVector":"sFkVTPseXWeNtXJLbvEPeb","action":"Commit Request", "result":"", "context":Item count: 6
Contributing types: Sessions, History}
{"logTime": "0905/065255", "correlationVector":"sFkVTPseXWeNtXJLbvEPeb.1","action":"SyncServerConnectionManagerRequest", "result":"SYNC_SERVER_OK", "context":{"environment":"Prod_southindia_prod-s01-004-apac-southindia", "migrationStage":"NotStarted", "server":"akswtt01700003x"}}
{"logTime": "0905/065255", "correlationVector":"sFkVTPseXWeNtXJLbvEPeb.3","action":"Commit.Sessions", "result":"Success", "context":{"id":"4d2d1602-06b1-4a64-ba0c-53ae0bb10864", "isDeleted":"true", "size":"0", "version":"1757055124949"}}
{"logTime": "0905/065255", "correlationVector":"sFkVTPseXWeNtXJLbvEPeb.2","action":"Commit Response", "result":"Success", "context":Result: Success. cV=sFkVTPseXWeNtXJLbvEPeb.0;server=akswtt01700003x;cloudType=Consumer;environment=Prod_southindia_prod-s01-004-apac-southindia;migrationStage=NotStarted}
{"logTime": "0905/070440", "correlationVector":"nQCsxEkBJ/JyFjA6gHmNnH","action":"Commit Request", "result":"", "context":Item count: 4
Contributing types: Sessions, History}
{"logTime": "0905/070441", "correlationVector":"nQCsxEkBJ/JyFjA6gHmNnH.1","action":"SyncServerConnectionManagerRequest", "result":"SYNC_SERVER_OK", "context":{"environment":"Prod_southindia_prod-s01-004-apac-southindia", "migrationStage":"NotStarted", "server":"akswtt01700003c"}}
{"logTime": "0905/070441", "correlationVector":"nQCsxEkBJ/JyFjA6gHmNnH.2","action":"Commit Response", "result":"Success", "context":Result: Success. cV=nQCsxEkBJ/JyFjA6gHmNnH.0;server=akswtt01700003c;cloudType=Consumer;environment=Prod_southindia_prod-s01-004-apac-southindia;migrationStage=NotStarted}
{"logTime": "0905/070631", "correlationVector":"vLQhfsd64FClAcRIgceB6Z","action":"Commit Request", "result":"", "context":Item count: 1
Contributing types: Sessions}
{"logTime": "0905/070632", "correlationVector":"vLQhfsd64FClAcRIgceB6Z.1","action":"SyncServerConnectionManagerRequest", "result":"SYNC_SERVER_OK", "context":{"environment":"Prod_southindia_prod-s01-004-apac-southindia", "migrationStage":"NotStarted", "server":"akswtt01700000q"}}
{"logTime": "0905/070632", "correlationVector":"vLQhfsd64FClAcRIgceB6Z.2","action":"Commit Response", "result":"Success", "context":Result: Success. cV=vLQhfsd64FClAcRIgceB6Z.0;server=akswtt01700000q;cloudType=Consumer;environment=Prod_southindia_prod-s01-004-apac-southindia;migrationStage=NotStarted}
{"logTime": "0905/071456", "correlationVector":"u8tQVAYqyavfXOuJraANBi","action":"Commit Request", "result":"", "context":Item count: 1
Contributing types: Sessions}
{"logTime": "0905/071457", "correlationVector":"u8tQVAYqyavfXOuJraANBi.1","action":"SyncServerConnectionManagerRequest", "result":"SYNC_SERVER_OK", "context":{"environment":"Prod_southindia_prod-s01-004-apac-southindia", "migrationStage":"NotStarted", "server":"akswtt017000044"}}
{"logTime": "0905/071457", "correlationVector":"u8tQVAYqyavfXOuJraANBi.2","action":"Commit Response", "result":"Success", "context":Result: Success. cV=u8tQVAYqyavfXOuJraANBi.0;server=akswtt017000044;cloudType=Consumer;environment=Prod_southindia_prod-s01-004-apac-southindia;migrationStage=NotStarted}
{"logTime": "0905/071626", "correlationVector":"tn1xsqsFUFfHkLeI4/j27l","action":"Commit Request", "result":"", "context":Item count: 6
Contributing types: Sessions, History}
{"logTime": "0905/071626", "correlationVector":"tn1xsqsFUFfHkLeI4/j27l.1","action":"SyncServerConnectionManagerRequest", "result":"SYNC_SERVER_OK", "context":{"environment":"Prod_southindia_prod-s01-004-apac-southindia", "migrationStage":"NotStarted", "server":"akswtt017000007"}}
{"logTime": "0905/071626", "correlationVector":"tn1xsqsFUFfHkLeI4/j27l.2","action":"Commit Response", "result":"Success", "context":Result: Success. cV=tn1xsqsFUFfHkLeI4/j27l.0;server=akswtt017000007;cloudType=Consumer;environment=Prod_southindia_prod-s01-004-apac-southindia;migrationStage=NotStarted}
