2025-09-05 06:45:10.012: [INFO][Sync] Reset engine, reason: 8
2025-09-05 06:45:10.012: [INFO][Sync] Stopped: Bookmarks
2025-09-05 06:45:10.012: [INFO][Sync] Stopped: Preferences
2025-09-05 06:45:10.012: [INFO][Sync] Stopped: Passwords
2025-09-05 06:45:10.012: [INFO][Sync] Stopped: Autofill Profiles
2025-09-05 06:45:10.012: [INFO][Sync] Stopped: Autofill
2025-09-05 06:45:10.012: [INFO][Sync] Stopped: Extensions
2025-09-05 06:45:10.012: [INFO][Sync] Stopped: Sessions
2025-09-05 06:45:10.012: [INFO][Sync] Stopped: Extension settings
2025-09-05 06:45:10.012: [INFO][Sync] Stopped: History Delete Directives
2025-09-05 06:45:10.012: [INFO][Sync] Stopped: Device Info
2025-09-05 06:45:10.012: [INFO][Sync] Stopped: User Consents
2025-09-05 06:45:10.012: [INFO][Sync] Stopped: Send Tab To Self
2025-09-05 06:45:10.012: [INFO][Sync] Stopped: Web Apps
2025-09-05 06:45:10.012: [INFO][Sync] Stopped: History
2025-09-05 06:45:10.012: [INFO][Sync] Stopped: Saved Tab Group
2025-09-05 06:45:10.012: [INFO][Sync] Stopped: WebAuthn Credentials
2025-09-05 06:45:10.012: [INFO][Sync] Stopped: Collection
2025-09-05 06:45:10.012: [INFO][Sync] Stopped: Edge E Drop
2025-09-05 06:45:10.012: [INFO][Sync] Stopped: Edge Hub App Usage
2025-09-05 06:45:10.012: [INFO][Sync] Stopped: Edge Wallet
2025-09-05 06:45:10.013: [INFO][Sync] SyncState after authenticated was: NotSignedIn
2025-09-05 06:45:10.460: [INFO][Sync] Reset engine, reason: 8
2025-09-05 06:45:10.460: [INFO][Sync] Stopped: Bookmarks
2025-09-05 06:45:10.460: [INFO][Sync] Stopped: Preferences
2025-09-05 06:45:10.460: [INFO][Sync] Stopped: Passwords
2025-09-05 06:45:10.460: [INFO][Sync] Stopped: Autofill Profiles
2025-09-05 06:45:10.460: [INFO][Sync] Stopped: Autofill
2025-09-05 06:45:10.460: [INFO][Sync] Stopped: Extensions
2025-09-05 06:45:10.460: [INFO][Sync] Stopped: Sessions
2025-09-05 06:45:10.460: [INFO][Sync] Stopped: Extension settings
2025-09-05 06:45:10.460: [INFO][Sync] Stopped: History Delete Directives
2025-09-05 06:45:10.460: [INFO][Sync] Stopped: Device Info
2025-09-05 06:45:10.460: [INFO][Sync] Stopped: User Consents
2025-09-05 06:45:10.460: [INFO][Sync] Stopped: Send Tab To Self
2025-09-05 06:45:10.460: [INFO][Sync] Stopped: Web Apps
2025-09-05 06:45:10.460: [INFO][Sync] Stopped: History
2025-09-05 06:45:10.460: [INFO][Sync] Stopped: Saved Tab Group
2025-09-05 06:45:10.460: [INFO][Sync] Stopped: WebAuthn Credentials
2025-09-05 06:45:10.460: [INFO][Sync] Stopped: Collection
2025-09-05 06:45:10.460: [INFO][Sync] Stopped: Edge E Drop
2025-09-05 06:45:10.460: [INFO][Sync] Stopped: Edge Hub App Usage
2025-09-05 06:45:10.460: [INFO][Sync] Stopped: Edge Wallet
2025-09-05 06:45:13.026: [INFO][Sync] Try to start sync engine
2025-09-05 06:45:13.027: [INFO][SyncManagerImpl::NudgeForInitialDownload] Initial download nudge for Encryption Keys
2025-09-05 06:45:13.027: [INFO][SyncEngineBackend::LoadAndConnectNigoriController] Load and connect Nigori controller
2025-09-05 06:45:13.027: [INFO][SyncEngineBackend::DoInitialize] Control Types added: Encryption Keys
2025-09-05 06:45:13.027: [INFO][SyncManagerImpl::ConfigureSyncer] Types to download: Encryption Keys with reason: 3
2025-09-05 06:45:13.028: [INFO][SyncSchedulerImpl::DoConfigurationSyncCycleJob] Configure job was blocked
2025-09-05 06:45:14.475: [INFO][SyncAuthManager::SetLastAuthError] Current auth error: None
2025-09-05 06:45:14.475: [INFO][SyncAuthManager::EdgeLogTokenErrorState] Token error with: None for account type: MSA
2025-09-05 06:45:14.475: [INFO][Sync] Credentials changed for: EdgeSyncKeyDataScope
2025-09-05 06:45:14.475: [INFO][SyncEngineBackend::DoUpdateKeyDataCredentials] Update key data credentials
2025-09-05 06:45:14.986: [INFO][SyncAuthManager::SetLastAuthError] Current auth error: None
2025-09-05 06:45:14.987: [INFO][SyncAuthManager::EdgeLogTokenErrorState] Token error with: None for account type: MSA
2025-09-05 06:45:14.987: [INFO][Sync] Credentials changed for: EdgeSyncScopeNew
2025-09-05 06:45:14.987: [INFO][SyncEngineBackend::DoUpdateCredentials] Update credentials
2025-09-05 06:45:14.987: [INFO][SyncSchedulerImpl::DoConfigurationSyncCycleJob] Blocked types:  and types to download: Encryption Keys
2025-09-05 06:45:15.806: [INFO][SyncEngineBackend::DoUpdateKeyDataCredentials] Update key data credentials
2025-09-05 06:45:15.843: [INFO][Sync] Started DataTypeManager configuration, reason: 4
2025-09-05 06:45:15.844: [INFO][Sync] Configuring for: Bookmarks, Preferences, Passwords, Autofill Profiles, Autofill, Extensions, Sessions, Extension settings, History Delete Directives, Device Info, User Consents, Send Tab To Self, Web Apps, History, Saved Tab Group, WebAuthn Credentials, Collection, Edge E Drop, Edge Hub App Usage, Edge Wallet, Encryption Keys, reason: 3, current state: 0
2025-09-05 06:45:15.844: [WARN][Sync] Crypto error data types: Passwords, Autofill Profiles, Autofill
2025-09-05 06:45:15.847: [INFO][Sync] Configure, desired: Bookmarks, Preferences, Extensions, Sessions, Extension settings, History Delete Directives, Device Info, User Consents, Send Tab To Self, Web Apps, History, Saved Tab Group, WebAuthn Credentials, Collection, Edge E Drop, Edge Hub App Usage, Edge Wallet, Encryption Keys; Allow fail: Passwords, Autofill Profiles, Autofill
2025-09-05 06:45:15.847: [INFO][Sync] Loading: Bookmarks
2025-09-05 06:45:15.847: [INFO][Sync] Loading: Preferences
2025-09-05 06:45:15.848: [INFO][Sync] Loading: Extensions
2025-09-05 06:45:15.848: [INFO][Sync] Loading: Sessions
2025-09-05 06:45:15.848: [INFO][Sync] Loading: Extension settings
2025-09-05 06:45:15.848: [INFO][Sync] Loading: History Delete Directives
2025-09-05 06:45:15.848: [INFO][Sync] Loading: Device Info
2025-09-05 06:45:15.848: [INFO][Sync] Loading: User Consents
2025-09-05 06:45:15.848: [INFO][Sync] Loading: Send Tab To Self
2025-09-05 06:45:15.848: [INFO][Sync] Loading: Web Apps
2025-09-05 06:45:15.848: [INFO][Sync] Loading: History
2025-09-05 06:45:15.848: [INFO][Sync] Loading: Saved Tab Group
2025-09-05 06:45:15.848: [INFO][Sync] Loading: WebAuthn Credentials
2025-09-05 06:45:15.848: [INFO][Sync] Loading: Collection
2025-09-05 06:45:15.848: [INFO][Sync] Loading: Edge E Drop
2025-09-05 06:45:15.848: [INFO][Sync] Loading: Edge Hub App Usage
2025-09-05 06:45:15.848: [INFO][Sync] Loading: Edge Wallet
2025-09-05 06:45:15.854: [INFO][Sync] All data types are ready for configure.
2025-09-05 06:45:16.655: [INFO][Sync] Started DataTypeManager configuration, reason: 5
2025-09-05 06:45:16.655: [INFO][Sync] Configuring for: Bookmarks, Preferences, Passwords, Autofill Profiles, Autofill, Extensions, Sessions, Extension settings, History Delete Directives, Device Info, User Consents, Send Tab To Self, Web Apps, History, Saved Tab Group, WebAuthn Credentials, Collection, Edge E Drop, Edge Hub App Usage, Edge Wallet, Encryption Keys, reason: 5, current state: 1
2025-09-05 06:45:16.662: [INFO][SyncEngineBackend::DoStartConfiguration] Start configuration
2025-09-05 06:45:16.662: [INFO][SyncManagerImpl::NudgeForInitialDownload] Initial download nudge for Bookmarks
2025-09-05 06:45:16.662: [INFO][SyncManagerImpl::NudgeForInitialDownload] Initial download nudge for Preferences
2025-09-05 06:45:16.662: [INFO][SyncManagerImpl::NudgeForInitialDownload] Initial download nudge for Extensions
2025-09-05 06:45:16.662: [INFO][SyncManagerImpl::NudgeForInitialDownload] Initial download nudge for Sessions
2025-09-05 06:45:16.662: [INFO][SyncManagerImpl::NudgeForInitialDownload] Initial download nudge for Extension settings
2025-09-05 06:45:16.662: [INFO][SyncManagerImpl::NudgeForInitialDownload] Initial download nudge for History Delete Directives
2025-09-05 06:45:16.662: [INFO][SyncManagerImpl::NudgeForInitialDownload] Initial download nudge for Device Info
2025-09-05 06:45:16.662: [INFO][SyncManagerImpl::NudgeForInitialDownload] Initial download nudge for Send Tab To Self
2025-09-05 06:45:16.662: [INFO][SyncManagerImpl::NudgeForInitialDownload] Initial download nudge for Web Apps
2025-09-05 06:45:16.662: [INFO][SyncManagerImpl::NudgeForInitialDownload] Initial download nudge for History
2025-09-05 06:45:16.662: [INFO][SyncManagerImpl::NudgeForInitialDownload] Initial download nudge for Saved Tab Group
2025-09-05 06:45:16.662: [INFO][SyncManagerImpl::NudgeForInitialDownload] Initial download nudge for WebAuthn Credentials
2025-09-05 06:45:16.662: [INFO][SyncManagerImpl::NudgeForInitialDownload] Initial download nudge for Collection
2025-09-05 06:45:16.662: [INFO][SyncManagerImpl::NudgeForInitialDownload] Initial download nudge for Edge E Drop
2025-09-05 06:45:16.662: [INFO][SyncManagerImpl::NudgeForInitialDownload] Initial download nudge for Edge Hub App Usage
2025-09-05 06:45:16.662: [INFO][SyncManagerImpl::NudgeForInitialDownload] Initial download nudge for Edge Wallet
2025-09-05 06:45:16.662: [INFO][SyncManagerImpl::ConfigureSyncer] Types to download:  with reason: 3
2025-09-05 06:45:16.662: [INFO][SyncEngineBackend::DoFinishConfigureDataTypes] Failed to download types:  and succeeded types: 
2025-09-05 06:45:16.662: [INFO][Sync] ConfigurationDone, failed: , succeeded: , remaining count: 4
2025-09-05 06:45:16.662: [WARN][Sync]     Reconfigure requested while configuration ongoing.
2025-09-05 06:45:16.662: [INFO][Sync] Configuring for: Bookmarks, Preferences, Passwords, Autofill Profiles, Autofill, Extensions, Sessions, Extension settings, History Delete Directives, Device Info, User Consents, Send Tab To Self, Web Apps, History, Saved Tab Group, WebAuthn Credentials, Collection, Edge E Drop, Edge Hub App Usage, Edge Wallet, Encryption Keys, reason: 5, current state: 2
2025-09-05 06:45:16.663: [INFO][Sync] Configure, desired: Bookmarks, Preferences, Passwords, Autofill Profiles, Autofill, Extensions, Sessions, Extension settings, History Delete Directives, Device Info, User Consents, Send Tab To Self, Web Apps, History, Saved Tab Group, WebAuthn Credentials, Collection, Edge E Drop, Edge Hub App Usage, Edge Wallet, Encryption Keys; Allow fail: 
2025-09-05 06:45:16.663: [INFO][Sync] Loading: Passwords
2025-09-05 06:45:16.663: [INFO][Sync] Loading: Autofill Profiles
2025-09-05 06:45:16.663: [INFO][Sync] Loading: Autofill
2025-09-05 06:45:16.663: [INFO][Sync] All data types are ready for configure.
2025-09-05 06:45:16.663: [INFO][SyncManagerImpl::NudgeForInitialDownload] Initial download nudge for Passwords
2025-09-05 06:45:16.663: [INFO][SyncManagerImpl::NudgeForInitialDownload] Initial download nudge for Autofill Profiles
2025-09-05 06:45:16.663: [INFO][SyncManagerImpl::NudgeForInitialDownload] Initial download nudge for Autofill
2025-09-05 06:45:16.663: [INFO][SyncManagerImpl::ConfigureSyncer] Types to download:  with reason: 5
2025-09-05 06:45:16.663: [INFO][SyncEngineBackend::DoFinishConfigureDataTypes] Failed to download types:  and succeeded types: 
2025-09-05 06:45:16.663: [INFO][Sync] ConfigurationDone, failed: , succeeded: , remaining count: 4
2025-09-05 06:45:16.663: [INFO][Sync] Prepare to configure types: Preferences, Passwords, Device Info, Send Tab To Self, Edge E Drop, Encryption Keys
2025-09-05 06:45:16.663: [INFO][SyncManagerImpl::ConfigureSyncer] Types to download: Preferences, Passwords, Device Info, Send Tab To Self, Edge E Drop, Encryption Keys with reason: 5
2025-09-05 06:45:16.663: [INFO][SyncSchedulerImpl::DoConfigurationSyncCycleJob] Blocked types:  and types to download: Preferences, Passwords, Device Info, Send Tab To Self, Edge E Drop, Encryption Keys
2025-09-05 06:45:18.410: [INFO][SyncEngineBackend::DoFinishConfigureDataTypes] Failed to download types:  and succeeded types: Preferences, Passwords, Device Info, Send Tab To Self, Edge E Drop, Encryption Keys
2025-09-05 06:45:18.429: [INFO][Sync] ConfigurationDone, failed: , succeeded: Preferences, Passwords, Device Info, Send Tab To Self, Edge E Drop, Encryption Keys, remaining count: 3
2025-09-05 06:45:18.429: [INFO][Sync] Prepare to configure types: Bookmarks, Encryption Keys
2025-09-05 06:45:18.430: [INFO][SyncManagerImpl::ConfigureSyncer] Types to download: Bookmarks, Encryption Keys with reason: 5
2025-09-05 06:45:18.430: [INFO][SyncSchedulerImpl::DoConfigurationSyncCycleJob] Blocked types:  and types to download: Bookmarks, Encryption Keys
2025-09-05 06:45:18.978: [INFO][SyncEngineBackend::DoFinishConfigureDataTypes] Failed to download types:  and succeeded types: Bookmarks, Encryption Keys
2025-09-05 06:45:19.016: [INFO][Sync] ConfigurationDone, failed: , succeeded: Bookmarks, Encryption Keys, remaining count: 2
2025-09-05 06:45:19.016: [INFO][Sync] Prepare to configure types: Autofill Profiles, Autofill, Extensions, Sessions, Extension settings, History Delete Directives, Web Apps, Saved Tab Group, WebAuthn Credentials, Collection, Edge Hub App Usage, Edge Wallet, Encryption Keys
2025-09-05 06:45:19.016: [INFO][SyncManagerImpl::ConfigureSyncer] Types to download: Autofill Profiles, Autofill, Extensions, Sessions, Extension settings, History Delete Directives, Web Apps, Saved Tab Group, WebAuthn Credentials, Collection, Edge Hub App Usage, Edge Wallet, Encryption Keys with reason: 5
2025-09-05 06:45:19.016: [INFO][SyncSchedulerImpl::DoConfigurationSyncCycleJob] Blocked types:  and types to download: Autofill Profiles, Autofill, Extensions, Sessions, Extension settings, History Delete Directives, Web Apps, Saved Tab Group, WebAuthn Credentials, Collection, Edge Hub App Usage, Edge Wallet, Encryption Keys
2025-09-05 06:45:24.075: [INFO][SyncEngineBackend::DoFinishConfigureDataTypes] Failed to download types:  and succeeded types: Autofill Profiles, Autofill, Extensions, Sessions, Extension settings, History Delete Directives, Web Apps, Saved Tab Group, WebAuthn Credentials, Collection, Edge Hub App Usage, Edge Wallet, Encryption Keys
2025-09-05 06:45:24.077: [INFO][Sync] ConfigurationDone, failed: , succeeded: Autofill Profiles, Autofill, Extensions, Sessions, Extension settings, History Delete Directives, Web Apps, Saved Tab Group, WebAuthn Credentials, Collection, Edge Hub App Usage, Edge Wallet, Encryption Keys, remaining count: 1
2025-09-05 06:45:24.081: [INFO][Sync] Prepare to configure types: History, Encryption Keys
2025-09-05 06:45:24.081: [INFO][SyncManagerImpl::ConfigureSyncer] Types to download: History, Encryption Keys with reason: 5
2025-09-05 06:45:24.081: [INFO][SyncSchedulerImpl::DoConfigurationSyncCycleJob] Blocked types:  and types to download: History, Encryption Keys
2025-09-05 06:45:27.405: [INFO][SyncEngineBackend::DoFinishConfigureDataTypes] Failed to download types:  and succeeded types: History, Encryption Keys
2025-09-05 06:45:27.414: [INFO][Sync] ConfigurationDone, failed: , succeeded: History, Encryption Keys, remaining count: 0
2025-09-05 06:45:27.422: [INFO][Sync]     Configuration completed, state: 7
2025-09-05 06:45:27.423: [INFO][Sync] Configured DataTypeManager: Ok
2025-09-05 06:45:27.431: [INFO][SyncEngineBackend::DoStartSyncing] Start syncing
2025-09-05 06:49:33.942: [INFO][Sync] Reset engine, reason: 0
2025-09-05 06:49:33.942: [INFO][Sync] Reset engine with reason: 0
2025-09-05 06:51:52.490: [INFO][Sync] SyncState after authenticated was: FeatureCanStart
2025-09-05 06:51:54.306: [INFO][SyncAuthManager::SetLastAuthError] Current auth error: None
2025-09-05 06:51:54.306: [INFO][SyncAuthManager::EdgeLogTokenErrorState] Token error with: None for account type: MSA
2025-09-05 06:51:54.306: [INFO][Sync] Credentials changed for: EdgeSyncKeyDataScope
2025-09-05 06:52:02.149: [INFO][Sync] Try to start sync engine
2025-09-05 06:52:02.151: [INFO][SyncManagerImpl::NudgeForInitialDownload] Initial download nudge for Encryption Keys
2025-09-05 06:52:02.151: [INFO][SyncEngineBackend::LoadAndConnectNigoriController] Load and connect Nigori controller
2025-09-05 06:52:02.151: [INFO][SyncEngineBackend::DoInitialize] Control Types added: Encryption Keys
2025-09-05 06:52:02.151: [INFO][SyncManagerImpl::ConfigureSyncer] Types to download: Encryption Keys with reason: 3
2025-09-05 06:52:02.152: [INFO][SyncEngineBackend::DoUpdateKeyDataCredentials] Update key data credentials
2025-09-05 06:52:02.152: [INFO][SyncSchedulerImpl::DoConfigurationSyncCycleJob] Configure job was blocked
2025-09-05 06:52:02.199: [INFO][SyncAuthManager::SetLastAuthError] Current auth error: None
2025-09-05 06:52:02.199: [INFO][SyncAuthManager::EdgeLogTokenErrorState] Token error with: None for account type: MSA
2025-09-05 06:52:02.199: [INFO][Sync] Credentials changed for: EdgeSyncScopeNew
2025-09-05 06:52:02.199: [INFO][SyncEngineBackend::DoUpdateCredentials] Update credentials
2025-09-05 06:52:02.199: [INFO][SyncSchedulerImpl::DoConfigurationSyncCycleJob] Blocked types:  and types to download: Encryption Keys
2025-09-05 06:52:02.518: [INFO][SyncEngineBackend::DoUpdateKeyDataCredentials] Update key data credentials
2025-09-05 06:52:02.567: [INFO][Sync] Started DataTypeManager configuration, reason: 4
2025-09-05 06:52:02.567: [INFO][Sync] Configuring for: Bookmarks, Preferences, Passwords, Autofill Profiles, Autofill, Extensions, Sessions, Extension settings, History Delete Directives, Device Info, User Consents, Send Tab To Self, Web Apps, History, Saved Tab Group, WebAuthn Credentials, Collection, Edge E Drop, Edge Hub App Usage, Edge Wallet, Encryption Keys, reason: 4, current state: 0
2025-09-05 06:52:02.567: [WARN][Sync] Crypto error data types: Passwords, Autofill Profiles, Autofill
2025-09-05 06:52:02.576: [INFO][Sync] Configure, desired: Bookmarks, Preferences, Extensions, Sessions, Extension settings, History Delete Directives, Device Info, User Consents, Send Tab To Self, Web Apps, History, Saved Tab Group, WebAuthn Credentials, Collection, Edge E Drop, Edge Hub App Usage, Edge Wallet, Encryption Keys; Allow fail: Passwords, Autofill Profiles, Autofill
2025-09-05 06:52:02.577: [INFO][Sync] Loading: Bookmarks
2025-09-05 06:52:02.577: [INFO][Sync] Loading: Preferences
2025-09-05 06:52:02.577: [INFO][Sync] Loading: Extensions
2025-09-05 06:52:02.577: [INFO][Sync] Loading: Sessions
2025-09-05 06:52:02.577: [INFO][Sync] Loading: Extension settings
2025-09-05 06:52:02.577: [INFO][Sync] Loading: History Delete Directives
2025-09-05 06:52:02.577: [INFO][Sync] Loading: Device Info
2025-09-05 06:52:02.577: [INFO][Sync] Loading: User Consents
2025-09-05 06:52:02.577: [INFO][Sync] Loading: Send Tab To Self
2025-09-05 06:52:02.577: [INFO][Sync] Loading: Web Apps
2025-09-05 06:52:02.577: [INFO][Sync] Loading: History
2025-09-05 06:52:02.577: [INFO][Sync] Loading: Saved Tab Group
2025-09-05 06:52:02.577: [INFO][Sync] Loading: WebAuthn Credentials
2025-09-05 06:52:02.577: [INFO][Sync] Loading: Collection
2025-09-05 06:52:02.577: [INFO][Sync] Loading: Edge E Drop
2025-09-05 06:52:02.577: [INFO][Sync] Loading: Edge Hub App Usage
2025-09-05 06:52:02.577: [INFO][Sync] Loading: Edge Wallet
2025-09-05 06:52:02.607: [INFO][Sync] All data types are ready for configure.
2025-09-05 06:52:03.504: [INFO][Sync] Started DataTypeManager configuration, reason: 5
2025-09-05 06:52:03.504: [INFO][Sync] Configuring for: Bookmarks, Preferences, Passwords, Autofill Profiles, Autofill, Extensions, Sessions, Extension settings, History Delete Directives, Device Info, User Consents, Send Tab To Self, Web Apps, History, Saved Tab Group, WebAuthn Credentials, Collection, Edge E Drop, Edge Hub App Usage, Edge Wallet, Encryption Keys, reason: 5, current state: 1
2025-09-05 06:52:03.518: [INFO][SyncEngineBackend::DoStartConfiguration] Start configuration
2025-09-05 06:52:03.518: [INFO][SyncManagerImpl::ConfigureSyncer] Types to download:  with reason: 4
2025-09-05 06:52:03.518: [INFO][SyncEngineBackend::DoFinishConfigureDataTypes] Failed to download types:  and succeeded types: 
2025-09-05 06:52:03.519: [INFO][Sync] ConfigurationDone, failed: , succeeded: , remaining count: 4
2025-09-05 06:52:03.519: [WARN][Sync]     Reconfigure requested while configuration ongoing.
2025-09-05 06:52:03.519: [INFO][Sync] Configuring for: Bookmarks, Preferences, Passwords, Autofill Profiles, Autofill, Extensions, Sessions, Extension settings, History Delete Directives, Device Info, User Consents, Send Tab To Self, Web Apps, History, Saved Tab Group, WebAuthn Credentials, Collection, Edge E Drop, Edge Hub App Usage, Edge Wallet, Encryption Keys, reason: 5, current state: 2
2025-09-05 06:52:03.519: [INFO][Sync] Configure, desired: Bookmarks, Preferences, Passwords, Autofill Profiles, Autofill, Extensions, Sessions, Extension settings, History Delete Directives, Device Info, User Consents, Send Tab To Self, Web Apps, History, Saved Tab Group, WebAuthn Credentials, Collection, Edge E Drop, Edge Hub App Usage, Edge Wallet, Encryption Keys; Allow fail: 
2025-09-05 06:52:03.519: [INFO][Sync] Loading: Passwords
2025-09-05 06:52:03.519: [INFO][Sync] Loading: Autofill Profiles
2025-09-05 06:52:03.519: [INFO][Sync] Loading: Autofill
2025-09-05 06:52:03.520: [INFO][Sync] All data types are ready for configure.
2025-09-05 06:52:03.520: [INFO][SyncManagerImpl::NudgeForInitialDownload] Initial download nudge for Passwords
2025-09-05 06:52:03.520: [INFO][SyncManagerImpl::ConfigureSyncer] Types to download:  with reason: 5
2025-09-05 06:52:03.520: [INFO][SyncEngineBackend::DoFinishConfigureDataTypes] Failed to download types:  and succeeded types: 
2025-09-05 06:52:03.532: [INFO][Sync] ConfigurationDone, failed: , succeeded: , remaining count: 4
2025-09-05 06:52:03.532: [INFO][Sync] Prepare to configure types: Passwords, Encryption Keys
2025-09-05 06:52:03.532: [INFO][SyncManagerImpl::ConfigureSyncer] Types to download: Passwords, Encryption Keys with reason: 5
2025-09-05 06:52:03.532: [INFO][SyncSchedulerImpl::DoConfigurationSyncCycleJob] Blocked types:  and types to download: Passwords, Encryption Keys
2025-09-05 06:52:04.165: [INFO][SyncEngineBackend::DoFinishConfigureDataTypes] Failed to download types:  and succeeded types: Passwords, Encryption Keys
2025-09-05 06:52:04.174: [INFO][Sync] ConfigurationDone, failed: , succeeded: Passwords, Encryption Keys, remaining count: 3
2025-09-05 06:52:04.174: [INFO][SyncManagerImpl::ConfigureSyncer] Types to download:  with reason: 5
2025-09-05 06:52:04.174: [INFO][SyncEngineBackend::DoFinishConfigureDataTypes] Failed to download types:  and succeeded types: 
2025-09-05 06:52:04.174: [INFO][Sync] ConfigurationDone, failed: , succeeded: , remaining count: 2
2025-09-05 06:52:04.175: [INFO][SyncManagerImpl::ConfigureSyncer] Types to download:  with reason: 5
2025-09-05 06:52:04.175: [INFO][SyncEngineBackend::DoFinishConfigureDataTypes] Failed to download types:  and succeeded types: 
2025-09-05 06:52:04.175: [INFO][Sync] ConfigurationDone, failed: , succeeded: , remaining count: 1
2025-09-05 06:52:04.188: [INFO][SyncManagerImpl::ConfigureSyncer] Types to download:  with reason: 5
2025-09-05 06:52:04.188: [INFO][SyncEngineBackend::DoFinishConfigureDataTypes] Failed to download types:  and succeeded types: 
2025-09-05 06:52:04.188: [INFO][Sync] ConfigurationDone, failed: , succeeded: , remaining count: 0
2025-09-05 06:52:04.203: [INFO][Sync]     Configuration completed, state: 7
2025-09-05 06:52:04.203: [INFO][Sync] Configured DataTypeManager: Ok
2025-09-05 06:52:04.218: [INFO][SyncEngineBackend::DoStartSyncing] Start syncing
2025-09-05 07:21:23.349: [INFO][Sync] Reset engine, reason: 0
2025-09-05 07:21:23.349: [INFO][Sync] Reset engine with reason: 0
